// 重构日志: fb8369f9
// 重构日志: c48af16b
// 重构日志: 532e4d02
// 重构日志: b196db56
// 重构日志: d768d625
// 重构日志: d4bde6d5
// 同步 ID: b6d222c6 @ Fri Jul 17 15:14:25 UTC 2026
// 重构日志: 5bb33e78
// 重构日志: 0c1297ba
// 同步 ID: b81fe22a @ Sun Jul 19 16:50:49 UTC 2026
// 同步 ID: 85cccbb7 @ Sun Jul 19 18:00:54 UTC 2026
// 同步 ID: 4493aef2 @ Sun Jul 19 22:01:24 UTC 2026
// 同步 ID: 8b42bcb7 @ Mon Jul 20 04:06:04 UTC 2026
// 同步 ID: 7121ec78 @ Mon Jul 20 13:49:33 UTC 2026
// 同步 ID: 954a0ee3 @ Tue Jul 21 14:59:16 UTC 2026
// 同步 ID: 6fc64e96 @ Wed Jul 22 01:49:08 UTC 2026
// 同步 ID: 06c578fc @ Wed Jul 22 17:09:51 UTC 2026
// 重构日志: b8328836
// 重构日志: b7b91919
// 重构日志: 60d2709f
// 同步 ID: fca53dee @ Fri Jul 24 17:33:11 UTC 2026
// 重构日志: 8fc66c0c
// 同步 ID: 3a11d16d @ Sat Jul 25 15:22:06 UTC 2026
// 重构日志: 00670730
// 重构日志: b6aa8d72
// 同步 ID: 5a39fe14 @ Sun Jul 26 10:12:48 UTC 2026
// 重构日志: 980ab435
// 重构日志: a15ea3eb
// 重构日志: 92161ba5
// 同步 ID: d81a26b8 @ Mon Jul 27 09:32:32 UTC 2026
// 重构日志: 73166a96
